Analysis & Elaboration report for ArregloSistolicoNPU
Thu Jun 12 17:43:38 2025
Quartus Prime Version 22.1std.2 Build 922 07/20/2023 SC Lite Edition


---------------------
; Table of Contents ;
---------------------
  1. Legal Notice
  2. Analysis & Elaboration Summary
  3. Parallel Compilation
  4. Parameter Settings for User Entity Instance: Top-level Entity: |ArregloSistolicoNPU
  5. Parameter Settings for User Entity Instance: Memory:mem
  6. Parameter Settings for User Entity Instance: SystolicController:ctrl
  7. Analysis & Elaboration Settings
  8. Port Connectivity Checks: "SystolicController:ctrl"
  9. Port Connectivity Checks: "Memory:mem"
 10. Analysis & Elaboration Messages



----------------
; Legal Notice ;
----------------
Copyright (C) 2023  Intel Corporation. All rights reserved.
Your use of Intel Corporation's design tools, logic functions 
and other software and tools, and any partner logic 
functions, and any output files from any of the foregoing 
(including device programming or simulation files), and any 
associated documentation or information are expressly subject 
to the terms and conditions of the Intel Program License 
Subscription Agreement, the Intel Quartus Prime License Agreement,
the Intel FPGA IP License Agreement, or other applicable license
agreement, including, without limitation, that your use is for
the sole purpose of programming logic devices manufactured by
Intel and sold by Intel or its authorized distributors.  Please
refer to the applicable agreement for further details, at
https://fpgasoftware.intel.com/eula.



+--------------------------------------------------------------------------------+
; Analysis & Elaboration Summary                                                 ;
+-------------------------------+------------------------------------------------+
; Analysis & Elaboration Status ; Successful - Thu Jun 12 17:43:38 2025          ;
; Quartus Prime Version         ; 22.1std.2 Build 922 07/20/2023 SC Lite Edition ;
; Revision Name                 ; ArregloSistolicoNPU                            ;
; Top-level Entity Name         ; ArregloSistolicoNPU                            ;
; Family                        ; Cyclone V                                      ;
; Logic utilization (in ALMs)   ; N/A until Partition Merge                      ;
; Total registers               ; N/A until Partition Merge                      ;
; Total pins                    ; N/A until Partition Merge                      ;
; Total virtual pins            ; N/A until Partition Merge                      ;
; Total block memory bits       ; N/A until Partition Merge                      ;
; Total PLLs                    ; N/A until Partition Merge                      ;
; Total DLLs                    ; N/A until Partition Merge                      ;
+-------------------------------+------------------------------------------------+


+------------------------------------------+
; Parallel Compilation                     ;
+----------------------------+-------------+
; Processors                 ; Number      ;
+----------------------------+-------------+
; Number detected on machine ; 12          ;
; Maximum allowed            ; 6           ;
;                            ;             ;
; Average used               ; 1.00        ;
; Maximum used               ; 1           ;
;                            ;             ;
; Usage by Processor         ; % Time Used ;
;     Processor 1            ; 100.0%      ;
+----------------------------+-------------+


+-------------------------------------------------------------------------------------+
; Parameter Settings for User Entity Instance: Top-level Entity: |ArregloSistolicoNPU ;
+----------------+-------+------------------------------------------------------------+
; Parameter Name ; Value ; Type                                                       ;
+----------------+-------+------------------------------------------------------------+
; N              ; 4     ; Signed Integer                                             ;
; MEM_SIZE       ; 512   ; Signed Integer                                             ;
+----------------+-------+------------------------------------------------------------+
Note: In order to hide this table in the UI and the text report file, please set the "Show Parameter Settings in Synthesis Report" option in "Analysis and Synthesis Settings -> More Settings" to "Off".


+---------------------------------------------------------+
; Parameter Settings for User Entity Instance: Memory:mem ;
+----------------+-------+--------------------------------+
; Parameter Name ; Value ; Type                           ;
+----------------+-------+--------------------------------+
; DATA_WIDTH     ; 16    ; Signed Integer                 ;
; ADDR_WIDTH     ; 9     ; Signed Integer                 ;
; LATENCY        ; 3     ; Signed Integer                 ;
+----------------+-------+--------------------------------+
Note: In order to hide this table in the UI and the text report file, please set the "Show Parameter Settings in Synthesis Report" option in "Analysis and Synthesis Settings -> More Settings" to "Off".


+----------------------------------------------------------------------+
; Parameter Settings for User Entity Instance: SystolicController:ctrl ;
+----------------+-------+---------------------------------------------+
; Parameter Name ; Value ; Type                                        ;
+----------------+-------+---------------------------------------------+
; N              ; 4     ; Signed Integer                              ;
; ADDR_WIDTH     ; 10    ; Signed Integer                              ;
; DATA_WIDTH     ; 16    ; Signed Integer                              ;
; LATENCY        ; 3     ; Signed Integer                              ;
+----------------+-------+---------------------------------------------+
Note: In order to hide this table in the UI and the text report file, please set the "Show Parameter Settings in Synthesis Report" option in "Analysis and Synthesis Settings -> More Settings" to "Off".


+-----------------------------------------------------------------------------------------------------------------------------+
; Analysis & Elaboration Settings                                                                                             ;
+---------------------------------------------------------------------------------+---------------------+---------------------+
; Option                                                                          ; Setting             ; Default Value       ;
+---------------------------------------------------------------------------------+---------------------+---------------------+
; Device                                                                          ; 5CSEMA5F31C6        ;                     ;
; Top-level entity name                                                           ; ArregloSistolicoNPU ; ArregloSistolicoNPU ;
; Family name                                                                     ; Cyclone V           ; Cyclone V           ;
; Use smart compilation                                                           ; Off                 ; Off                 ;
; Enable parallel Assembler and Timing Analyzer during compilation                ; On                  ; On                  ;
; Enable compact report table                                                     ; Off                 ; Off                 ;
; Restructure Multiplexers                                                        ; Auto                ; Auto                ;
; MLAB Add Timing Constraints For Mixed-Port Feed-Through Mode Setting Don't Care ; Off                 ; Off                 ;
; Create Debugging Nodes for IP Cores                                             ; Off                 ; Off                 ;
; Preserve fewer node names                                                       ; On                  ; On                  ;
; Intel FPGA IP Evaluation Mode                                                   ; Enable              ; Enable              ;
; Verilog Version                                                                 ; Verilog_2001        ; Verilog_2001        ;
; VHDL Version                                                                    ; VHDL_1993           ; VHDL_1993           ;
; State Machine Processing                                                        ; Auto                ; Auto                ;
; Safe State Machine                                                              ; Off                 ; Off                 ;
; Extract Verilog State Machines                                                  ; On                  ; On                  ;
; Extract VHDL State Machines                                                     ; On                  ; On                  ;
; Ignore Verilog initial constructs                                               ; Off                 ; Off                 ;
; Iteration limit for constant Verilog loops                                      ; 5000                ; 5000                ;
; Iteration limit for non-constant Verilog loops                                  ; 250                 ; 250                 ;
; Add Pass-Through Logic to Inferred RAMs                                         ; On                  ; On                  ;
; Infer RAMs from Raw Logic                                                       ; On                  ; On                  ;
; Parallel Synthesis                                                              ; On                  ; On                  ;
; DSP Block Balancing                                                             ; Auto                ; Auto                ;
; NOT Gate Push-Back                                                              ; On                  ; On                  ;
; Power-Up Don't Care                                                             ; On                  ; On                  ;
; Remove Redundant Logic Cells                                                    ; Off                 ; Off                 ;
; Remove Duplicate Registers                                                      ; On                  ; On                  ;
; Ignore CARRY Buffers                                                            ; Off                 ; Off                 ;
; Ignore CASCADE Buffers                                                          ; Off                 ; Off                 ;
; Ignore GLOBAL Buffers                                                           ; Off                 ; Off                 ;
; Ignore ROW GLOBAL Buffers                                                       ; Off                 ; Off                 ;
; Ignore LCELL Buffers                                                            ; Off                 ; Off                 ;
; Ignore SOFT Buffers                                                             ; On                  ; On                  ;
; Limit AHDL Integers to 32 Bits                                                  ; Off                 ; Off                 ;
; Optimization Technique                                                          ; Balanced            ; Balanced            ;
; Carry Chain Length                                                              ; 70                  ; 70                  ;
; Auto Carry Chains                                                               ; On                  ; On                  ;
; Auto Open-Drain Pins                                                            ; On                  ; On                  ;
; Perform WYSIWYG Primitive Resynthesis                                           ; Off                 ; Off                 ;
; Auto ROM Replacement                                                            ; On                  ; On                  ;
; Auto RAM Replacement                                                            ; On                  ; On                  ;
; Auto DSP Block Replacement                                                      ; On                  ; On                  ;
; Auto Shift Register Replacement                                                 ; Auto                ; Auto                ;
; Allow Shift Register Merging across Hierarchies                                 ; Auto                ; Auto                ;
; Auto Clock Enable Replacement                                                   ; On                  ; On                  ;
; Strict RAM Replacement                                                          ; Off                 ; Off                 ;
; Allow Synchronous Control Signals                                               ; On                  ; On                  ;
; Force Use of Synchronous Clear Signals                                          ; Off                 ; Off                 ;
; Auto Resource Sharing                                                           ; Off                 ; Off                 ;
; Allow Any RAM Size For Recognition                                              ; Off                 ; Off                 ;
; Allow Any ROM Size For Recognition                                              ; Off                 ; Off                 ;
; Allow Any Shift Register Size For Recognition                                   ; Off                 ; Off                 ;
; Use LogicLock Constraints during Resource Balancing                             ; On                  ; On                  ;
; Ignore translate_off and synthesis_off directives                               ; Off                 ; Off                 ;
; Timing-Driven Synthesis                                                         ; On                  ; On                  ;
; Report Parameter Settings                                                       ; On                  ; On                  ;
; Report Source Assignments                                                       ; On                  ; On                  ;
; Report Connectivity Checks                                                      ; On                  ; On                  ;
; Ignore Maximum Fan-Out Assignments                                              ; Off                 ; Off                 ;
; Synchronization Register Chain Length                                           ; 3                   ; 3                   ;
; Power Optimization During Synthesis                                             ; Normal compilation  ; Normal compilation  ;
; HDL message level                                                               ; Level2              ; Level2              ;
; Suppress Register Optimization Related Messages                                 ; Off                 ; Off                 ;
; Number of Removed Registers Reported in Synthesis Report                        ; 5000                ; 5000                ;
; Number of Swept Nodes Reported in Synthesis Report                              ; 5000                ; 5000                ;
; Number of Inverted Registers Reported in Synthesis Report                       ; 100                 ; 100                 ;
; Clock MUX Protection                                                            ; On                  ; On                  ;
; Auto Gated Clock Conversion                                                     ; Off                 ; Off                 ;
; Block Design Naming                                                             ; Auto                ; Auto                ;
; SDC constraint protection                                                       ; Off                 ; Off                 ;
; Synthesis Effort                                                                ; Auto                ; Auto                ;
; Shift Register Replacement - Allow Asynchronous Clear Signal                    ; On                  ; On                  ;
; Pre-Mapping Resynthesis Optimization                                            ; Off                 ; Off                 ;
; Analysis & Synthesis Message Level                                              ; Medium              ; Medium              ;
; Disable Register Merging Across Hierarchies                                     ; Auto                ; Auto                ;
; Resource Aware Inference For Block RAM                                          ; On                  ; On                  ;
; Automatic Parallel Synthesis                                                    ; On                  ; On                  ;
; Partial Reconfiguration Bitstream ID                                            ; Off                 ; Off                 ;
+---------------------------------------------------------------------------------+---------------------+---------------------+


+---------------------------------------------------------------------------------------------------------------------------------------------------------------------------------------------+
; Port Connectivity Checks: "SystolicController:ctrl"                                                                                                                                         ;
+---------------+--------+----------+---------------------------------------------------------------------------------------------------------------------------------------------------------+
; Port          ; Type   ; Severity ; Details                                                                                                                                                 ;
+---------------+--------+----------+---------------------------------------------------------------------------------------------------------------------------------------------------------+
; base_addr_A   ; Input  ; Warning  ; Input port expression (1 bits) is smaller than the input port (10 bits) it drives.  Extra input bit(s) "base_addr_A[9..1]" will be connected to GND.    ;
; base_addr_B   ; Input  ; Warning  ; Input port expression (1 bits) is smaller than the input port (10 bits) it drives.  Extra input bit(s) "base_addr_B[9..1]" will be connected to GND.    ;
; base_addr_C   ; Input  ; Warning  ; Input port expression (1 bits) is smaller than the input port (10 bits) it drives.  Extra input bit(s) "base_addr_C[9..1]" will be connected to GND.    ;
; mem_req_valid ; Output ; Info     ; Connected to dangling logic. Logic that only feeds a dangling port will be removed.                                                                     ;
; mem_req_write ; Output ; Info     ; Connected to dangling logic. Logic that only feeds a dangling port will be removed.                                                                     ;
; mem_req_addr  ; Output ; Warning  ; Output or bidir port (10 bits) is wider than the port expression (1 bits) it drives; bit(s) "mem_req_addr[9..1]" have no fanouts                        ;
; mem_req_addr  ; Output ; Info     ; Connected to dangling logic. Logic that only feeds a dangling port will be removed.                                                                     ;
; mem_req_data  ; Output ; Warning  ; Output or bidir port (16 bits) is wider than the port expression (1 bits) it drives; bit(s) "mem_req_data[15..1]" have no fanouts                       ;
; mem_req_data  ; Output ; Info     ; Connected to dangling logic. Logic that only feeds a dangling port will be removed.                                                                     ;
; mem_read_data ; Input  ; Warning  ; Input port expression (1 bits) is smaller than the input port (16 bits) it drives.  Extra input bit(s) "mem_read_data[15..1]" will be connected to GND. ;
+---------------+--------+----------+---------------------------------------------------------------------------------------------------------------------------------------------------------+


+---------------------------------------------------------+
; Port Connectivity Checks: "Memory:mem"                  ;
+------------+--------+----------+------------------------+
; Port       ; Type   ; Severity ; Details                ;
+------------+--------+----------+------------------------+
; req_valid  ; Input  ; Info     ; Explicitly unconnected ;
; req_write  ; Input  ; Info     ; Explicitly unconnected ;
; req_addr   ; Input  ; Info     ; Explicitly unconnected ;
; req_data   ; Input  ; Info     ; Explicitly unconnected ;
; resp_valid ; Output ; Info     ; Explicitly unconnected ;
; resp_data  ; Output ; Info     ; Explicitly unconnected ;
+------------+--------+----------+------------------------+


+---------------------------------+
; Analysis & Elaboration Messages ;
+---------------------------------+
Info: *******************************************************************
Info: Running Quartus Prime Analysis & Elaboration
    Info: Version 22.1std.2 Build 922 07/20/2023 SC Lite Edition
    Info: Processing started: Thu Jun 12 17:43:28 2025
Info: Command: quartus_map --read_settings_files=on --write_settings_files=off ArregloSistolicoNPU -c ArregloSistolicoNPU --analysis_and_elaboration
Warning (18236): Number of processors has not been specified which may cause overloading on shared machines.  Set the global assignment NUM_PARALLEL_PROCESSORS in your QSF to an appropriate value for best performance.
Info (20030): Parallel compilation is enabled and will use 6 of the 6 processors detected
Info (12021): Found 1 design units, including 1 entities, in source file arreglosistoliconpu.sv
    Info (12023): Found entity 1: ArregloSistolicoNPU File: C:/Users/nicva/Arquitectura_II/Proyecto_2_Arqui II/ArregloSist-licoNPU/ArregloSistolicoNPU/ArregloSistolicoNPU.sv Line: 1
Info (12021): Found 1 design units, including 1 entities, in source file arreglosistoliconpu_tb.sv
    Info (12023): Found entity 1: ArregloSistolicoNPU_tb File: C:/Users/nicva/Arquitectura_II/Proyecto_2_Arqui II/ArregloSist-licoNPU/ArregloSistolicoNPU/ArregloSistolicoNPU_tb.sv Line: 2
Info (12021): Found 1 design units, including 1 entities, in source file memory.sv
    Info (12023): Found entity 1: Memory File: C:/Users/nicva/Arquitectura_II/Proyecto_2_Arqui II/ArregloSist-licoNPU/ArregloSistolicoNPU/Memory.sv Line: 1
Info (12021): Found 1 design units, including 1 entities, in source file memory_tb.sv
    Info (12023): Found entity 1: Memory_tb File: C:/Users/nicva/Arquitectura_II/Proyecto_2_Arqui II/ArregloSist-licoNPU/ArregloSistolicoNPU/Memory_tb.sv Line: 3
Info (12021): Found 1 design units, including 1 entities, in source file systoliccontroller.sv
    Info (12023): Found entity 1: SystolicController File: C:/Users/nicva/Arquitectura_II/Proyecto_2_Arqui II/ArregloSist-licoNPU/ArregloSistolicoNPU/SystolicController.sv Line: 4
Info (12021): Found 1 design units, including 1 entities, in source file systoliccontroller_tb.sv
    Info (12023): Found entity 1: SystolicController_tb File: C:/Users/nicva/Arquitectura_II/Proyecto_2_Arqui II/ArregloSist-licoNPU/ArregloSistolicoNPU/SystolicController_tb.sv Line: 3
Info (12021): Found 1 design units, including 1 entities, in source file systolicarray.sv
    Info (12023): Found entity 1: SystolicArray File: C:/Users/nicva/Arquitectura_II/Proyecto_2_Arqui II/ArregloSist-licoNPU/ArregloSistolicoNPU/SystolicArray.sv Line: 1
Info (12021): Found 1 design units, including 1 entities, in source file pe.sv
    Info (12023): Found entity 1: PE File: C:/Users/nicva/Arquitectura_II/Proyecto_2_Arqui II/ArregloSist-licoNPU/ArregloSistolicoNPU/PE.sv Line: 1
Info (12021): Found 1 design units, including 1 entities, in source file pe_tb.sv
    Info (12023): Found entity 1: PE_tb File: C:/Users/nicva/Arquitectura_II/Proyecto_2_Arqui II/ArregloSist-licoNPU/ArregloSistolicoNPU/PE_tb.sv Line: 3
Info (12021): Found 1 design units, including 1 entities, in source file systolicarray_tb.sv
    Info (12023): Found entity 1: SystolicArray_tb File: C:/Users/nicva/Arquitectura_II/Proyecto_2_Arqui II/ArregloSist-licoNPU/ArregloSistolicoNPU/SystolicArray_tb.sv Line: 3
Warning (10236): Verilog HDL Implicit Net warning at ArregloSistolicoNPU.sv(46): created implicit net for "base_addr_A" File: C:/Users/nicva/Arquitectura_II/Proyecto_2_Arqui II/ArregloSist-licoNPU/ArregloSistolicoNPU/ArregloSistolicoNPU.sv Line: 46
Warning (10236): Verilog HDL Implicit Net warning at ArregloSistolicoNPU.sv(47): created implicit net for "base_addr_B" File: C:/Users/nicva/Arquitectura_II/Proyecto_2_Arqui II/ArregloSist-licoNPU/ArregloSistolicoNPU/ArregloSistolicoNPU.sv Line: 47
Warning (10236): Verilog HDL Implicit Net warning at ArregloSistolicoNPU.sv(48): created implicit net for "base_addr_C" File: C:/Users/nicva/Arquitectura_II/Proyecto_2_Arqui II/ArregloSist-licoNPU/ArregloSistolicoNPU/ArregloSistolicoNPU.sv Line: 48
Warning (10236): Verilog HDL Implicit Net warning at ArregloSistolicoNPU.sv(49): created implicit net for "mem_req_valid" File: C:/Users/nicva/Arquitectura_II/Proyecto_2_Arqui II/ArregloSist-licoNPU/ArregloSistolicoNPU/ArregloSistolicoNPU.sv Line: 49
Warning (10236): Verilog HDL Implicit Net warning at ArregloSistolicoNPU.sv(50): created implicit net for "mem_req_write" File: C:/Users/nicva/Arquitectura_II/Proyecto_2_Arqui II/ArregloSist-licoNPU/ArregloSistolicoNPU/ArregloSistolicoNPU.sv Line: 50
Warning (10236): Verilog HDL Implicit Net warning at ArregloSistolicoNPU.sv(51): created implicit net for "mem_req_addr" File: C:/Users/nicva/Arquitectura_II/Proyecto_2_Arqui II/ArregloSist-licoNPU/ArregloSistolicoNPU/ArregloSistolicoNPU.sv Line: 51
Warning (10236): Verilog HDL Implicit Net warning at ArregloSistolicoNPU.sv(52): created implicit net for "mem_req_data" File: C:/Users/nicva/Arquitectura_II/Proyecto_2_Arqui II/ArregloSist-licoNPU/ArregloSistolicoNPU/ArregloSistolicoNPU.sv Line: 52
Warning (10236): Verilog HDL Implicit Net warning at ArregloSistolicoNPU.sv(53): created implicit net for "mem_busy" File: C:/Users/nicva/Arquitectura_II/Proyecto_2_Arqui II/ArregloSist-licoNPU/ArregloSistolicoNPU/ArregloSistolicoNPU.sv Line: 53
Warning (10236): Verilog HDL Implicit Net warning at ArregloSistolicoNPU.sv(54): created implicit net for "mem_read_valid" File: C:/Users/nicva/Arquitectura_II/Proyecto_2_Arqui II/ArregloSist-licoNPU/ArregloSistolicoNPU/ArregloSistolicoNPU.sv Line: 54
Warning (10236): Verilog HDL Implicit Net warning at ArregloSistolicoNPU.sv(55): created implicit net for "mem_read_data" File: C:/Users/nicva/Arquitectura_II/Proyecto_2_Arqui II/ArregloSist-licoNPU/ArregloSistolicoNPU/ArregloSistolicoNPU.sv Line: 55
Info (12127): Elaborating entity "ArregloSistolicoNPU" for the top level hierarchy
Info (12128): Elaborating entity "Memory" for hierarchy "Memory:mem" File: C:/Users/nicva/Arquitectura_II/Proyecto_2_Arqui II/ArregloSist-licoNPU/ArregloSistolicoNPU/ArregloSistolicoNPU.sv Line: 32
Info (12128): Elaborating entity "SystolicController" for hierarchy "SystolicController:ctrl" File: C:/Users/nicva/Arquitectura_II/Proyecto_2_Arqui II/ArregloSist-licoNPU/ArregloSistolicoNPU/ArregloSistolicoNPU.sv Line: 57
Warning (10230): Verilog HDL assignment warning at SystolicController.sv(60): truncated value with size 32 to match size of target (3) File: C:/Users/nicva/Arquitectura_II/Proyecto_2_Arqui II/ArregloSist-licoNPU/ArregloSistolicoNPU/SystolicController.sv Line: 60
Warning (10230): Verilog HDL assignment warning at SystolicController.sv(62): truncated value with size 32 to match size of target (3) File: C:/Users/nicva/Arquitectura_II/Proyecto_2_Arqui II/ArregloSist-licoNPU/ArregloSistolicoNPU/SystolicController.sv Line: 62
Warning (10230): Verilog HDL assignment warning at SystolicController.sv(65): truncated value with size 32 to match size of target (6) File: C:/Users/nicva/Arquitectura_II/Proyecto_2_Arqui II/ArregloSist-licoNPU/ArregloSistolicoNPU/SystolicController.sv Line: 65
Warning (10230): Verilog HDL assignment warning at SystolicController.sv(69): truncated value with size 32 to match size of target (3) File: C:/Users/nicva/Arquitectura_II/Proyecto_2_Arqui II/ArregloSist-licoNPU/ArregloSistolicoNPU/SystolicController.sv Line: 69
Warning (10230): Verilog HDL assignment warning at SystolicController.sv(71): truncated value with size 32 to match size of target (3) File: C:/Users/nicva/Arquitectura_II/Proyecto_2_Arqui II/ArregloSist-licoNPU/ArregloSistolicoNPU/SystolicController.sv Line: 71
Info (10264): Verilog HDL Case Statement information at SystolicController.sv(56): all case item expressions in this case statement are onehot File: C:/Users/nicva/Arquitectura_II/Proyecto_2_Arqui II/ArregloSist-licoNPU/ArregloSistolicoNPU/SystolicController.sv Line: 56
Warning (10230): Verilog HDL assignment warning at SystolicController.sv(101): truncated value with size 32 to match size of target (10) File: C:/Users/nicva/Arquitectura_II/Proyecto_2_Arqui II/ArregloSist-licoNPU/ArregloSistolicoNPU/SystolicController.sv Line: 101
Warning (10230): Verilog HDL assignment warning at SystolicController.sv(110): truncated value with size 32 to match size of target (10) File: C:/Users/nicva/Arquitectura_II/Proyecto_2_Arqui II/ArregloSist-licoNPU/ArregloSistolicoNPU/SystolicController.sv Line: 110
Warning (10230): Verilog HDL assignment warning at SystolicController.sv(134): truncated value with size 32 to match size of target (10) File: C:/Users/nicva/Arquitectura_II/Proyecto_2_Arqui II/ArregloSist-licoNPU/ArregloSistolicoNPU/SystolicController.sv Line: 134
Warning (12241): 1 hierarchies have connectivity warnings - see the Connectivity Checks report folder
Info: Quartus Prime Analysis & Elaboration was successful. 0 errors, 20 warnings
    Info: Peak virtual memory: 4792 megabytes
    Info: Processing ended: Thu Jun 12 17:43:38 2025
    Info: Elapsed time: 00:00:10
    Info: Total CPU time (on all processors): 00:00:24


