Info: Start Nativelink Simulation process

========= EDA Simulation Settings =====================

Sim Mode              :  RTL
Family                :  cyclonev
<<<<<<< Updated upstream
Quartus root          :  c:/intelfpga_lite/18.1/quartus/bin64/
Quartus sim root      :  c:/intelfpga_lite/18.1/quartus/eda/sim_lib
Simulation Tool       :  modelsim-altera
=======
Quartus root          :  c:/intelfpga_lite/22.1std/quartus/bin64/
Quartus sim root      :  c:/intelfpga_lite/22.1std/quartus/eda/sim_lib
Simulation Tool       :  modelsim
>>>>>>> Stashed changes
Simulation Language   :  systemverilog
Simulation Mode       :  GUI
Sim Output File       :  
Sim SDF file          :  
Sim dir               :  simulation\modelsim

=======================================================

<<<<<<< Updated upstream
Info: Starting NativeLink simulation with ModelSim-Altera software
Sourced NativeLink script c:/intelfpga_lite/18.1/quartus/common/tcl/internal/nativelink/modelsim.tcl
Warning: File systolicArray_run_msim_rtl_systemverilog.do already exists - backing up current file as systolicArray_run_msim_rtl_systemverilog.do.bak
Info: Spawning ModelSim-Altera Simulation software 
=======
Info: Starting NativeLink simulation with ModelSim software
Sourced NativeLink script c:/intelfpga_lite/22.1std/quartus/common/tcl/internal/nativelink/modelsim.tcl
Warning: File systolicArray_run_msim_rtl_systemverilog.do already exists - backing up current file as systolicArray_run_msim_rtl_systemverilog.do.bak11
Info: Spawning ModelSim Simulation software 
>>>>>>> Stashed changes
Info: NativeLink simulation flow was successful
