Flow report for sistolicArray
Sat Jun 14 22:05:37 2025
Quartus Prime Version 22.1std.2 Build 922 07/20/2023 SC Lite Edition


---------------------
; Table of Contents ;
---------------------
  1. Legal Notice
  2. Flow Summary
  3. Flow Settings
  4. Flow Non-Default Global Settings
  5. Flow Elapsed Time
  6. Flow OS Summary
  7. Flow Log
  8. Flow Messages
  9. Flow Suppressed Messages



----------------
; Legal Notice ;
----------------
Copyright (C) 2023  Intel Corporation. All rights reserved.
Your use of Intel Corporation's design tools, logic functions 
and other software and tools, and any partner logic 
functions, and any output files from any of the foregoing 
(including device programming or simulation files), and any 
associated documentation or information are expressly subject 
to the terms and conditions of the Intel Program License 
Subscription Agreement, the Intel Quartus Prime License Agreement,
the Intel FPGA IP License Agreement, or other applicable license
agreement, including, without limitation, that your use is for
the sole purpose of programming logic devices manufactured by
Intel and sold by Intel or its authorized distributors.  Please
refer to the applicable agreement for further details, at
https://fpgasoftware.intel.com/eula.



+----------------------------------------------------------------------------------+
; Flow Summary                                                                     ;
+---------------------------------+------------------------------------------------+
; Flow Status                     ; Successful - Sat Jun 14 22:05:29 2025          ;
; Quartus Prime Version           ; 22.1std.2 Build 922 07/20/2023 SC Lite Edition ;
; Revision Name                   ; sistolicArray                                  ;
; Top-level Entity Name           ; top                                            ;
; Family                          ; Cyclone V                                      ;
; Device                          ; 5CSEMA5F31C6                                   ;
; Timing Models                   ; Final                                          ;
; Logic utilization (in ALMs)     ; 273 / 32,070 ( < 1 % )                         ;
; Total registers                 ; 249                                            ;
; Total pins                      ; 107 / 457 ( 23 % )                             ;
; Total virtual pins              ; 0                                              ;
; Total block memory bits         ; 0 / 4,065,280 ( 0 % )                          ;
; Total DSP Blocks                ; 0 / 87 ( 0 % )                                 ;
; Total HSSI RX PCSs              ; 0                                              ;
; Total HSSI PMA RX Deserializers ; 0                                              ;
; Total HSSI TX PCSs              ; 0                                              ;
; Total HSSI PMA TX Serializers   ; 0                                              ;
; Total PLLs                      ; 0 / 6 ( 0 % )                                  ;
; Total DLLs                      ; 0 / 4 ( 0 % )                                  ;
+---------------------------------+------------------------------------------------+


+-----------------------------------------+
; Flow Settings                           ;
+-------------------+---------------------+
; Option            ; Setting             ;
+-------------------+---------------------+
; Start date & time ; 06/14/2025 22:03:18 ;
; Main task         ; Compilation         ;
; Revision Name     ; sistolicArray       ;
+-------------------+---------------------+


+------------------------------------------------------------------------------------------------------------------------------------------+
; Flow Non-Default Global Settings                                                                                                         ;
+-------------------------------------+---------------------------------------------------------+---------------+-------------+------------+
; Assignment Name                     ; Value                                                   ; Default Value ; Entity Name ; Section Id ;
+-------------------------------------+---------------------------------------------------------+---------------+-------------+------------+
; COMPILER_SIGNATURE_ID               ; 4931003785295.174996019814760                           ; --            ; --          ; --         ;
; MAX_CORE_JUNCTION_TEMP              ; 85                                                      ; --            ; --          ; --         ;
; MIN_CORE_JUNCTION_TEMP              ; 0                                                       ; --            ; --          ; --         ;
; MISC_FILE                           ; vjtag/synthesis/../vjtag.cmp                            ; --            ; --          ; --         ;
; MISC_FILE                           ; vjtag/synthesis/../../vjtag.qsys                        ; --            ; --          ; --         ;
; MISC_FILE                           ; sdram/synthesis/../sdram.cmp                            ; --            ; --          ; --         ;
; MISC_FILE                           ; sdram/synthesis/../../sdram.qsys                        ; --            ; --          ; --         ;
; PARTITION_COLOR                     ; -- (Not supported for targeted family)                  ; --            ; top         ; Top        ;
; PARTITION_FITTER_PRESERVATION_LEVEL ; -- (Not supported for targeted family)                  ; --            ; top         ; Top        ;
; PARTITION_NETLIST_TYPE              ; -- (Not supported for targeted family)                  ; --            ; top         ; Top        ;
; POWER_BOARD_THERMAL_MODEL           ; None (CONSERVATIVE)                                     ; --            ; --          ; --         ;
; POWER_PRESET_COOLING_SOLUTION       ; 23 MM HEAT SINK WITH 200 LFPM AIRFLOW                   ; --            ; --          ; --         ;
; PROJECT_OUTPUT_DIRECTORY            ; output_files                                            ; --            ; --          ; --         ;
; SLD_FILE                            ; vjtag/synthesis/vjtag.debuginfo                         ; --            ; --          ; --         ;
; SLD_FILE                            ; sdram/synthesis/sdram.debuginfo                         ; --            ; --          ; --         ;
; SLD_INFO                            ; QSYS_NAME sdram HAS_SOPCINFO 1 GENERATION_ID 1749945071 ; --            ; sdram       ; --         ;
; SLD_INFO                            ; QSYS_NAME vjtag HAS_SOPCINFO 1 GENERATION_ID 1749959896 ; --            ; vjtag       ; --         ;
; SOPCINFO_FILE                       ; vjtag/synthesis/../../vjtag.sopcinfo                    ; --            ; --          ; --         ;
; SOPCINFO_FILE                       ; sdram/synthesis/../../sdram.sopcinfo                    ; --            ; --          ; --         ;
; SYNTHESIS_ONLY_QIP                  ; On                                                      ; --            ; --          ; --         ;
; SYNTHESIS_ONLY_QIP                  ; On                                                      ; --            ; --          ; --         ;
; TOP_LEVEL_ENTITY                    ; top                                                     ; sistolicArray ; --          ; --         ;
+-------------------------------------+---------------------------------------------------------+---------------+-------------+------------+


+--------------------------------------------------------------------------------------------------------------------------+
; Flow Elapsed Time                                                                                                        ;
+----------------------+--------------+-------------------------+---------------------+------------------------------------+
; Module Name          ; Elapsed Time ; Average Processors Used ; Peak Virtual Memory ; Total CPU Time (on all processors) ;
+----------------------+--------------+-------------------------+---------------------+------------------------------------+
; Analysis & Synthesis ; 00:00:16     ; 1.0                     ; 5008 MB             ; 00:00:29                           ;
; Fitter               ; 00:01:45     ; 1.0                     ; 7436 MB             ; 00:07:20                           ;
; Assembler            ; 00:00:07     ; 1.0                     ; 5250 MB             ; 00:00:05                           ;
; Timing Analyzer      ; 00:00:07     ; 1.2                     ; 5420 MB             ; 00:00:09                           ;
; Total                ; 00:02:15     ; --                      ; --                  ; 00:08:03                           ;
+----------------------+--------------+-------------------------+---------------------+------------------------------------+


+------------------------------------------------------------------------------------+
; Flow OS Summary                                                                    ;
+----------------------+------------------+------------+------------+----------------+
; Module Name          ; Machine Hostname ; OS Name    ; OS Version ; Processor type ;
+----------------------+------------------+------------+------------+----------------+
; Analysis & Synthesis ; Poseidón         ; Windows 10 ; 10.0       ; x86_64         ;
; Fitter               ; Poseidón         ; Windows 10 ; 10.0       ; x86_64         ;
; Assembler            ; Poseidón         ; Windows 10 ; 10.0       ; x86_64         ;
; Timing Analyzer      ; Poseidón         ; Windows 10 ; 10.0       ; x86_64         ;
+----------------------+------------------+------------+------------+----------------+


------------
; Flow Log ;
------------
quartus_map --read_settings_files=on --write_settings_files=off sistolicArray -c sistolicArray
quartus_fit --read_settings_files=off --write_settings_files=off sistolicArray -c sistolicArray
quartus_asm --read_settings_files=off --write_settings_files=off sistolicArray -c sistolicArray
quartus_sta sistolicArray -c sistolicArray



