------------------------------------------------------------
Timing Analyzer Summary
------------------------------------------------------------

Type  : Slow 1100mV 85C Model Setup 'sdramCore|sys_sdram_pll_0|sys_pll|altera_pll_i|general[0].gpll~PLL_OUTPUT_COUNTER|divclk'
Slack : -6.284
TNS   : -303.648

Type  : Slow 1100mV 85C Model Setup 'clock'
Slack : -5.769
TNS   : -17.223

Type  : Slow 1100mV 85C Model Hold 'sdramCore|sys_sdram_pll_0|sys_pll|altera_pll_i|general[0].gpll~PLL_OUTPUT_COUNTER|divclk'
Slack : 0.194
TNS   : 0.000

Type  : Slow 1100mV 85C Model Hold 'clock'
Slack : 0.202
TNS   : 0.000

Type  : Slow 1100mV 85C Model Recovery 'sdramCore|sys_sdram_pll_0|sys_pll|altera_pll_i|general[0].gpll~PLL_OUTPUT_COUNTER|divclk'
Slack : 3.168
TNS   : 0.000

Type  : Slow 1100mV 85C Model Removal 'sdramCore|sys_sdram_pll_0|sys_pll|altera_pll_i|general[0].gpll~PLL_OUTPUT_COUNTER|divclk'
Slack : 0.235
TNS   : 0.000

Type  : Slow 1100mV 85C Model Minimum Pulse Width 'sdramCore|sys_sdram_pll_0|sys_pll|altera_pll_i|general[0].gpll~FRACTIONAL_PLL|vcoph[0]'
Slack : 0.699
TNS   : 0.000

Type  : Slow 1100mV 85C Model Minimum Pulse Width 'sdramCore|sys_sdram_pll_0|sys_pll|altera_pll_i|general[0].gpll~PLL_OUTPUT_COUNTER|divclk'
Slack : 2.696
TNS   : 0.000

Type  : Slow 1100mV 85C Model Minimum Pulse Width 'clock'
Slack : 9.396
TNS   : 0.000

Type  : Slow 1100mV 0C Model Setup 'sdramCore|sys_sdram_pll_0|sys_pll|altera_pll_i|general[0].gpll~PLL_OUTPUT_COUNTER|divclk'
Slack : -5.943
TNS   : -284.101

Type  : Slow 1100mV 0C Model Setup 'clock'
Slack : -5.663
TNS   : -16.916

Type  : Slow 1100mV 0C Model Hold 'clock'
Slack : 0.079
TNS   : 0.000

Type  : Slow 1100mV 0C Model Hold 'sdramCore|sys_sdram_pll_0|sys_pll|altera_pll_i|general[0].gpll~PLL_OUTPUT_COUNTER|divclk'
Slack : 0.108
TNS   : 0.000

Type  : Slow 1100mV 0C Model Recovery 'sdramCore|sys_sdram_pll_0|sys_pll|altera_pll_i|general[0].gpll~PLL_OUTPUT_COUNTER|divclk'
Slack : 3.329
TNS   : 0.000

Type  : Slow 1100mV 0C Model Removal 'sdramCore|sys_sdram_pll_0|sys_pll|altera_pll_i|general[0].gpll~PLL_OUTPUT_COUNTER|divclk'
Slack : 0.174
TNS   : 0.000

Type  : Slow 1100mV 0C Model Minimum Pulse Width 'sdramCore|sys_sdram_pll_0|sys_pll|altera_pll_i|general[0].gpll~FRACTIONAL_PLL|vcoph[0]'
Slack : 0.699
TNS   : 0.000

Type  : Slow 1100mV 0C Model Minimum Pulse Width 'sdramCore|sys_sdram_pll_0|sys_pll|altera_pll_i|general[0].gpll~PLL_OUTPUT_COUNTER|divclk'
Slack : 2.673
TNS   : 0.000

Type  : Slow 1100mV 0C Model Minimum Pulse Width 'clock'
Slack : 9.322
TNS   : 0.000

Type  : Fast 1100mV 85C Model Setup 'sdramCore|sys_sdram_pll_0|sys_pll|altera_pll_i|general[0].gpll~PLL_OUTPUT_COUNTER|divclk'
Slack : -4.825
TNS   : -223.312

Type  : Fast 1100mV 85C Model Setup 'clock'
Slack : -3.297
TNS   : -9.815

Type  : Fast 1100mV 85C Model Hold 'clock'
Slack : 0.129
TNS   : 0.000

Type  : Fast 1100mV 85C Model Hold 'sdramCore|sys_sdram_pll_0|sys_pll|altera_pll_i|general[0].gpll~PLL_OUTPUT_COUNTER|divclk'
Slack : 0.171
TNS   : 0.000

Type  : Fast 1100mV 85C Model Recovery 'sdramCore|sys_sdram_pll_0|sys_pll|altera_pll_i|general[0].gpll~PLL_OUTPUT_COUNTER|divclk'
Slack : 4.549
TNS   : 0.000

Type  : Fast 1100mV 85C Model Removal 'sdramCore|sys_sdram_pll_0|sys_pll|altera_pll_i|general[0].gpll~PLL_OUTPUT_COUNTER|divclk'
Slack : 0.193
TNS   : 0.000

Type  : Fast 1100mV 85C Model Minimum Pulse Width 'sdramCore|sys_sdram_pll_0|sys_pll|altera_pll_i|general[0].gpll~FRACTIONAL_PLL|vcoph[0]'
Slack : 0.699
TNS   : 0.000

Type  : Fast 1100mV 85C Model Minimum Pulse Width 'sdramCore|sys_sdram_pll_0|sys_pll|altera_pll_i|general[0].gpll~PLL_OUTPUT_COUNTER|divclk'
Slack : 3.039
TNS   : 0.000

Type  : Fast 1100mV 85C Model Minimum Pulse Width 'clock'
Slack : 9.404
TNS   : 0.000

Type  : Fast 1100mV 0C Model Setup 'sdramCore|sys_sdram_pll_0|sys_pll|altera_pll_i|general[0].gpll~PLL_OUTPUT_COUNTER|divclk'
Slack : -4.000
TNS   : -186.041

Type  : Fast 1100mV 0C Model Setup 'clock'
Slack : -3.179
TNS   : -9.470

Type  : Fast 1100mV 0C Model Hold 'clock'
Slack : 0.083
TNS   : 0.000

Type  : Fast 1100mV 0C Model Hold 'sdramCore|sys_sdram_pll_0|sys_pll|altera_pll_i|general[0].gpll~PLL_OUTPUT_COUNTER|divclk'
Slack : 0.101
TNS   : 0.000

Type  : Fast 1100mV 0C Model Recovery 'sdramCore|sys_sdram_pll_0|sys_pll|altera_pll_i|general[0].gpll~PLL_OUTPUT_COUNTER|divclk'
Slack : 4.740
TNS   : 0.000

Type  : Fast 1100mV 0C Model Removal 'sdramCore|sys_sdram_pll_0|sys_pll|altera_pll_i|general[0].gpll~PLL_OUTPUT_COUNTER|divclk'
Slack : 0.136
TNS   : 0.000

Type  : Fast 1100mV 0C Model Minimum Pulse Width 'sdramCore|sys_sdram_pll_0|sys_pll|altera_pll_i|general[0].gpll~FRACTIONAL_PLL|vcoph[0]'
Slack : 0.699
TNS   : 0.000

Type  : Fast 1100mV 0C Model Minimum Pulse Width 'sdramCore|sys_sdram_pll_0|sys_pll|altera_pll_i|general[0].gpll~PLL_OUTPUT_COUNTER|divclk'
Slack : 3.032
TNS   : 0.000

Type  : Fast 1100mV 0C Model Minimum Pulse Width 'clock'
Slack : 9.407
TNS   : 0.000

------------------------------------------------------------
